============================= test session starts ==============================
platform linux -- Python 3.12.3, pytest-8.4.2, pluggy-1.6.0
rootdir: /home/runner/work/The_Code_Factory_Working_V2/The_Code_Factory_Working_V2
configfile: pyproject.toml
testpaths: tests, generator/tests, generator/agents/tests, generator/audit_log/tests, generator/clarifier/tests, generator/intent_parser/tests, generator/main/tests, generator/runner/tests, omnicore_engine/tests, omnicore_engine/database/tests, omnicore_engine/message_bus/tests, self_fixing_engineer/tests, self_fixing_engineer/agent_orchestration/tests, self_fixing_engineer/arbiter/tests, self_fixing_engineer/arbiter/arbiter_growth/tests, self_fixing_engineer/arbiter/bug_manager/tests, self_fixing_engineer/arbiter/explainable_reasoner/tests, self_fixing_engineer/arbiter/knowledge_graph/tests, self_fixing_engineer/arbiter/learner/tests, self_fixing_engineer/arbiter/meta_learning_orchestrator/tests, self_fixing_engineer/arbiter/models/tests, self_fixing_engineer/arbiter/plugins/tests, self_fixing_engineer/arbiter/policy/tests, self_fixing_engineer/envs/tests, self_fixing_engineer/guardrails/tests, self_fixing_engineer/intent_capture/tests, self_fixing_engineer/mesh/tests, self_fixing_engineer/plugins/tests, self_fixing_engineer/self_healing_import_fixer/tests, self_fixing_engineer/simulation/tests, self_fixing_engineer/test_generation/tests
plugins: asyncio-1.3.0, anyio-4.12.1, hypothesis-6.145.1, typeguard-4.4.4
asyncio: mode=Mode.AUTO, debug=False, asyncio_default_fixture_loop_scope=None, asyncio_default_test_loop_scope=function
collected 22 items / 20 errors

==================================== ERRORS ====================================
________ ERROR collecting generator/agents/tests/test_codegen_agent.py _________
ImportError while importing test module '/home/runner/work/The_Code_Factory_Working_V2/The_Code_Factory_Working_V2/generator/agents/tests/test_codegen_agent.py'.
Hint: make sure your test modules/packages have valid Python names.
Traceback:
/usr/lib/python3.12/importlib/__init__.py:90: in import_module
    return _bootstrap._gcd_import(name[level:], package, level)
           ^^^^^^^^^^^^^^^^^^^^^^^^^^^^^^^^^^^^^^^^^^^^^^^^^^^^
generator/agents/tests/test_codegen_agent.py:8: in <module>
    from agents.codegen_agent.codegen_agent import (
generator/agents/codegen_agent/__init__.py:196: in <module>
    from .codegen_agent import (
generator/agents/codegen_agent/codegen_agent.py:21: in <module>
    from fastapi import FastAPI, HTTPException
E   ModuleNotFoundError: No module named 'fastapi'
_____ ERROR collecting generator/agents/tests/test_codegen_integration.py ______
ImportError while importing test module '/home/runner/work/The_Code_Factory_Working_V2/The_Code_Factory_Working_V2/generator/agents/tests/test_codegen_integration.py'.
Hint: make sure your test modules/packages have valid Python names.
Traceback:
/usr/lib/python3.12/importlib/__init__.py:90: in import_module
    return _bootstrap._gcd_import(name[level:], package, level)
           ^^^^^^^^^^^^^^^^^^^^^^^^^^^^^^^^^^^^^^^^^^^^^^^^^^^^
generator/agents/tests/test_codegen_integration.py:4: in <module>
    import agents.codegen_agent.codegen_prompt as codegen_prompt
generator/agents/codegen_agent/__init__.py:196: in <module>
    from .codegen_agent import (
generator/agents/codegen_agent/codegen_agent.py:21: in <module>
    from fastapi import FastAPI, HTTPException
E   ModuleNotFoundError: No module named 'fastapi'
________ ERROR collecting generator/agents/tests/test_codegen_prompt.py ________
ImportError while importing test module '/home/runner/work/The_Code_Factory_Working_V2/The_Code_Factory_Working_V2/generator/agents/tests/test_codegen_prompt.py'.
Hint: make sure your test modules/packages have valid Python names.
Traceback:
/usr/lib/python3.12/importlib/__init__.py:90: in import_module
    return _bootstrap._gcd_import(name[level:], package, level)
           ^^^^^^^^^^^^^^^^^^^^^^^^^^^^^^^^^^^^^^^^^^^^^^^^^^^^
generator/agents/tests/test_codegen_prompt.py:3: in <module>
    import agents.codegen_agent.codegen_prompt as codegen_prompt
generator/agents/codegen_agent/__init__.py:196: in <module>
    from .codegen_agent import (
generator/agents/codegen_agent/codegen_agent.py:21: in <module>
    from fastapi import FastAPI, HTTPException
E   ModuleNotFoundError: No module named 'fastapi'
___ ERROR collecting generator/agents/tests/test_codegen_response_handler.py ___
ImportError while importing test module '/home/runner/work/The_Code_Factory_Working_V2/The_Code_Factory_Working_V2/generator/agents/tests/test_codegen_response_handler.py'.
Hint: make sure your test modules/packages have valid Python names.
Traceback:
/usr/lib/python3.12/importlib/__init__.py:90: in import_module
    return _bootstrap._gcd_import(name[level:], package, level)
           ^^^^^^^^^^^^^^^^^^^^^^^^^^^^^^^^^^^^^^^^^^^^^^^^^^^^
generator/agents/tests/test_codegen_response_handler.py:3: in <module>
    import agents.codegen_agent.codegen_response_handler as crh
generator/agents/codegen_agent/__init__.py:196: in <module>
    from .codegen_agent import (
generator/agents/codegen_agent/codegen_agent.py:21: in <module>
    from fastapi import FastAPI, HTTPException
E   ModuleNotFoundError: No module named 'fastapi'
________ ERROR collecting generator/agents/tests/test_critique_agent.py ________
ImportError while importing test module '/home/runner/work/The_Code_Factory_Working_V2/The_Code_Factory_Working_V2/generator/agents/tests/test_critique_agent.py'.
Hint: make sure your test modules/packages have valid Python names.
Traceback:
/usr/lib/python3.12/importlib/__init__.py:90: in import_module
    return _bootstrap._gcd_import(name[level:], package, level)
           ^^^^^^^^^^^^^^^^^^^^^^^^^^^^^^^^^^^^^^^^^^^^^^^^^^^^
generator/agents/tests/test_critique_agent.py:6: in <module>
    import agents.critique_agent.critique_agent as core
generator/agents/critique_agent/__init__.py:10: in <module>
    from runner.llm_client import (
generator/runner/llm_client.py:43: in <module>
    from runner.runner_logging import log_audit_event, logger
generator/runner/runner_logging.py:32: in <module>
    from opentelemetry import trace
E   ImportError: cannot import name 'trace' from 'opentelemetry' (unknown location)
________ ERROR collecting generator/agents/tests/test_critique_fixer.py ________
ImportError while importing test module '/home/runner/work/The_Code_Factory_Working_V2/The_Code_Factory_Working_V2/generator/agents/tests/test_critique_fixer.py'.
Hint: make sure your test modules/packages have valid Python names.
Traceback:
/usr/lib/python3.12/importlib/__init__.py:90: in import_module
    return _bootstrap._gcd_import(name[level:], package, level)
           ^^^^^^^^^^^^^^^^^^^^^^^^^^^^^^^^^^^^^^^^^^^^^^^^^^^^
generator/agents/tests/test_critique_fixer.py:8: in <module>
    from agents.critique_agent.critique_fixer import (  # type: ignore
generator/agents/critique_agent/__init__.py:10: in <module>
    from runner.llm_client import (
generator/runner/llm_client.py:43: in <module>
    from runner.runner_logging import log_audit_event, logger
generator/runner/runner_logging.py:32: in <module>
    from opentelemetry import trace
E   ImportError: cannot import name 'trace' from 'opentelemetry' (unknown location)
_____ ERROR collecting generator/agents/tests/test_critique_integration.py _____
ImportError while importing test module '/home/runner/work/The_Code_Factory_Working_V2/The_Code_Factory_Working_V2/generator/agents/tests/test_critique_integration.py'.
Hint: make sure your test modules/packages have valid Python names.
Traceback:
/usr/lib/python3.12/importlib/__init__.py:90: in import_module
    return _bootstrap._gcd_import(name[level:], package, level)
           ^^^^^^^^^^^^^^^^^^^^^^^^^^^^^^^^^^^^^^^^^^^^^^^^^^^^
generator/agents/tests/test_critique_integration.py:8: in <module>
    import agents.critique_agent.critique_agent as core  # for monkeypatch targets
    ^^^^^^^^^^^^^^^^^^^^^^^^^^^^^^^^^^^^^^^^^^^^^^^^^^^
generator/agents/critique_agent/__init__.py:10: in <module>
    from runner.llm_client import (
generator/runner/llm_client.py:43: in <module>
    from runner.runner_logging import log_audit_event, logger
generator/runner/runner_logging.py:32: in <module>
    from opentelemetry import trace
E   ImportError: cannot import name 'trace' from 'opentelemetry' (unknown location)
_______ ERROR collecting generator/agents/tests/test_critique_linter.py ________
ImportError while importing test module '/home/runner/work/The_Code_Factory_Working_V2/The_Code_Factory_Working_V2/generator/agents/tests/test_critique_linter.py'.
Hint: make sure your test modules/packages have valid Python names.
Traceback:
/usr/lib/python3.12/importlib/__init__.py:90: in import_module
    return _bootstrap._gcd_import(name[level:], package, level)
           ^^^^^^^^^^^^^^^^^^^^^^^^^^^^^^^^^^^^^^^^^^^^^^^^^^^^
generator/agents/tests/test_critique_linter.py:3: in <module>
    from agents.critique_agent.critique_linter import (  # type: ignore
generator/agents/critique_agent/__init__.py:10: in <module>
    from runner.llm_client import (
generator/runner/llm_client.py:43: in <module>
    from runner.runner_logging import log_audit_event, logger
generator/runner/runner_logging.py:32: in <module>
    from opentelemetry import trace
E   ImportError: cannot import name 'trace' from 'opentelemetry' (unknown location)
_______ ERROR collecting generator/agents/tests/test_critique_prompt.py ________
ImportError while importing test module '/home/runner/work/The_Code_Factory_Working_V2/The_Code_Factory_Working_V2/generator/agents/tests/test_critique_prompt.py'.
Hint: make sure your test modules/packages have valid Python names.
Traceback:
/usr/lib/python3.12/importlib/__init__.py:90: in import_module
    return _bootstrap._gcd_import(name[level:], package, level)
           ^^^^^^^^^^^^^^^^^^^^^^^^^^^^^^^^^^^^^^^^^^^^^^^^^^^^
generator/agents/tests/test_critique_prompt.py:11: in <module>
    import agents.critique_agent.critique_prompt as cp  # type: ignore
    ^^^^^^^^^^^^^^^^^^^^^^^^^^^^^^^^^^^^^^^^^^^^^^^^^^
generator/agents/critique_agent/__init__.py:10: in <module>
    from runner.llm_client import (
generator/runner/llm_client.py:43: in <module>
    from runner.runner_logging import log_audit_event, logger
generator/runner/runner_logging.py:32: in <module>
    from opentelemetry import trace
E   ImportError: cannot import name 'trace' from 'opentelemetry' (unknown location)
_________ ERROR collecting generator/agents/tests/test_deploy_agent.py _________
ImportError while importing test module '/home/runner/work/The_Code_Factory_Working_V2/The_Code_Factory_Working_V2/generator/agents/tests/test_deploy_agent.py'.
Hint: make sure your test modules/packages have valid Python names.
Traceback:
/usr/lib/python3.12/importlib/__init__.py:90: in import_module
    return _bootstrap._gcd_import(name[level:], package, level)
           ^^^^^^^^^^^^^^^^^^^^^^^^^^^^^^^^^^^^^^^^^^^^^^^^^^^^
generator/agents/tests/test_deploy_agent.py:17: in <module>
    from generator.agents.deploy_agent.deploy_agent import (
generator/agents/deploy_agent/deploy_agent.py:24: in <module>
    from fastapi import FastAPI, HTTPException
E   ModuleNotFoundError: No module named 'fastapi'
___ ERROR collecting generator/agents/tests/test_deploy_agent_integration.py ___
ImportError while importing test module '/home/runner/work/The_Code_Factory_Working_V2/The_Code_Factory_Working_V2/generator/agents/tests/test_deploy_agent_integration.py'.
Hint: make sure your test modules/packages have valid Python names.
Traceback:
/usr/lib/python3.12/importlib/__init__.py:90: in import_module
    return _bootstrap._gcd_import(name[level:], package, level)
           ^^^^^^^^^^^^^^^^^^^^^^^^^^^^^^^^^^^^^^^^^^^^^^^^^^^^
generator/agents/tests/test_deploy_agent_integration.py:19: in <module>
    from generator.agents.deploy_agent.deploy_agent import DeployAgent
generator/agents/deploy_agent/deploy_agent.py:24: in <module>
    from fastapi import FastAPI, HTTPException
E   ModuleNotFoundError: No module named 'fastapi'
________ ERROR collecting generator/agents/tests/test_deploy_prompt.py _________
ImportError while importing test module '/home/runner/work/The_Code_Factory_Working_V2/The_Code_Factory_Working_V2/generator/agents/tests/test_deploy_prompt.py'.
Hint: make sure your test modules/packages have valid Python names.
Traceback:
/usr/lib/python3.12/importlib/__init__.py:90: in import_module
    return _bootstrap._gcd_import(name[level:], package, level)
           ^^^^^^^^^^^^^^^^^^^^^^^^^^^^^^^^^^^^^^^^^^^^^^^^^^^^
generator/agents/tests/test_deploy_prompt.py:17: in <module>
    from generator.agents.deploy_agent.deploy_prompt import DeployPromptAgent, scrub_text
generator/agents/deploy_agent/deploy_prompt.py:33: in <module>
    from opentelemetry.trace import Status, StatusCode
E   ModuleNotFoundError: No module named 'opentelemetry.trace'
___ ERROR collecting generator/agents/tests/test_deploy_response_handler.py ____
ImportError while importing test module '/home/runner/work/The_Code_Factory_Working_V2/The_Code_Factory_Working_V2/generator/agents/tests/test_deploy_response_handler.py'.
Hint: make sure your test modules/packages have valid Python names.
Traceback:
/usr/lib/python3.12/importlib/__init__.py:90: in import_module
    return _bootstrap._gcd_import(name[level:], package, level)
           ^^^^^^^^^^^^^^^^^^^^^^^^^^^^^^^^^^^^^^^^^^^^^^^^^^^^
generator/agents/tests/test_deploy_response_handler.py:14: in <module>
    from generator.agents.deploy_agent.deploy_response_handler import (
generator/agents/deploy_agent/deploy_response_handler.py:45: in <module>
    from opentelemetry.trace import Status, StatusCode
E   ModuleNotFoundError: No module named 'opentelemetry.trace'
_______ ERROR collecting generator/agents/tests/test_deploy_validator.py _______
ImportError while importing test module '/home/runner/work/The_Code_Factory_Working_V2/The_Code_Factory_Working_V2/generator/agents/tests/test_deploy_validator.py'.
Hint: make sure your test modules/packages have valid Python names.
Traceback:
/usr/lib/python3.12/importlib/__init__.py:90: in import_module
    return _bootstrap._gcd_import(name[level:], package, level)
           ^^^^^^^^^^^^^^^^^^^^^^^^^^^^^^^^^^^^^^^^^^^^^^^^^^^^
generator/agents/tests/test_deploy_validator.py:16: in <module>
    from generator.agents.deploy_agent.deploy_validator import (
generator/agents/deploy_agent/deploy_validator.py:36: in <module>
    from opentelemetry.trace import Status, StatusCode
E   ModuleNotFoundError: No module named 'opentelemetry.trace'
_________ ERROR collecting generator/agents/tests/test_docgen_agent.py _________
ImportError while importing test module '/home/runner/work/The_Code_Factory_Working_V2/The_Code_Factory_Working_V2/generator/agents/tests/test_docgen_agent.py'.
Hint: make sure your test modules/packages have valid Python names.
Traceback:
/usr/lib/python3.12/importlib/__init__.py:90: in import_module
    return _bootstrap._gcd_import(name[level:], package, level)
           ^^^^^^^^^^^^^^^^^^^^^^^^^^^^^^^^^^^^^^^^^^^^^^^^^^^^
generator/agents/tests/test_docgen_agent.py:90: in <module>
    from agents.docgen_agent import (
generator/agents/docgen_agent/__init__.py:4: in <module>
    from .docgen_agent import SPHINX_AVAILABLE  # Sphinx availability flag
    ^^^^^^^^^^^^^^^^^^^^^^^^^^^^^^^^^^^^^^^^^^
generator/agents/docgen_agent/docgen_agent.py:50: in <module>
    from opentelemetry.trace.status import (
E   ModuleNotFoundError: No module named 'opentelemetry.trace'
______ ERROR collecting generator/agents/tests/test_docgen_integration.py ______
ImportError while importing test module '/home/runner/work/The_Code_Factory_Working_V2/The_Code_Factory_Working_V2/generator/agents/tests/test_docgen_integration.py'.
Hint: make sure your test modules/packages have valid Python names.
Traceback:
/usr/lib/python3.12/importlib/__init__.py:90: in import_module
    return _bootstrap._gcd_import(name[level:], package, level)
           ^^^^^^^^^^^^^^^^^^^^^^^^^^^^^^^^^^^^^^^^^^^^^^^^^^^^
generator/agents/tests/test_docgen_integration.py:45: in <module>
    from generator.agents.docgen_agent.docgen_agent import DocgenAgent, generate
generator/agents/docgen_agent/__init__.py:4: in <module>
    from .docgen_agent import SPHINX_AVAILABLE  # Sphinx availability flag
    ^^^^^^^^^^^^^^^^^^^^^^^^^^^^^^^^^^^^^^^^^^
generator/agents/docgen_agent/docgen_agent.py:50: in <module>
    from opentelemetry.trace.status import (
E   ModuleNotFoundError: No module named 'opentelemetry.trace'
________ ERROR collecting generator/agents/tests/test_docgen_prompt.py _________
ImportError while importing test module '/home/runner/work/The_Code_Factory_Working_V2/The_Code_Factory_Working_V2/generator/agents/tests/test_docgen_prompt.py'.
Hint: make sure your test modules/packages have valid Python names.
Traceback:
/usr/lib/python3.12/importlib/__init__.py:90: in import_module
    return _bootstrap._gcd_import(name[level:], package, level)
           ^^^^^^^^^^^^^^^^^^^^^^^^^^^^^^^^^^^^^^^^^^^^^^^^^^^^
generator/agents/tests/test_docgen_prompt.py:54: in <module>
    from generator.agents.docgen_agent.docgen_prompt import (
generator/agents/docgen_agent/__init__.py:4: in <module>
    from .docgen_agent import SPHINX_AVAILABLE  # Sphinx availability flag
    ^^^^^^^^^^^^^^^^^^^^^^^^^^^^^^^^^^^^^^^^^^
generator/agents/docgen_agent/docgen_agent.py:50: in <module>
    from opentelemetry.trace.status import (
E   ModuleNotFoundError: No module named 'opentelemetry.trace'
__ ERROR collecting generator/agents/tests/test_docgen_response_validator.py ___
generator/agents/tests/test_docgen_response_validator.py:239: in <module>
    with patch(
/usr/lib/python3.12/unittest/mock.py:1442: in __enter__
    self.target = self.getter()
                  ^^^^^^^^^^^^^
/usr/lib/python3.12/pkgutil.py:518: in resolve_name
    mod = importlib.import_module(s)
          ^^^^^^^^^^^^^^^^^^^^^^^^^^
/usr/lib/python3.12/importlib/__init__.py:90: in import_module
    return _bootstrap._gcd_import(name[level:], package, level)
           ^^^^^^^^^^^^^^^^^^^^^^^^^^^^^^^^^^^^^^^^^^^^^^^^^^^^
<frozen importlib._bootstrap>:1387: in _gcd_import
    ???
<frozen importlib._bootstrap>:1360: in _find_and_load
    ???
<frozen importlib._bootstrap>:1331: in _find_and_load_unlocked
    ???
<frozen importlib._bootstrap>:935: in _load_unlocked
    ???
<frozen importlib._bootstrap_external>:995: in exec_module
    ???
<frozen importlib._bootstrap>:488: in _call_with_frames_removed
    ???
generator/agents/docgen_agent/__init__.py:4: in <module>
    from .docgen_agent import SPHINX_AVAILABLE  # Sphinx availability flag
    ^^^^^^^^^^^^^^^^^^^^^^^^^^^^^^^^^^^^^^^^^^
generator/agents/docgen_agent/docgen_agent.py:86: in <module>
    from omnicore_engine.plugin_registry import PlugInKind, plugin
omnicore_engine/plugin_registry.py:79: in <module>
    from omnicore_engine.database import Database
omnicore_engine/database/__init__.py:1: in <module>
    from .database import (
omnicore_engine/database/database.py:258: in <module>
    DB_OPERATIONS_LOCAL = get_or_create_counter_local(
omnicore_engine/database/metrics_helpers.py:26: in get_or_create_counter_local
    if collector and isinstance(collector, Counter):
                     ^^^^^^^^^^^^^^^^^^^^^^^^^^^^^^
E   TypeError: isinstance() arg 2 must be a type, a tuple of types, or a union
------------------------------- Captured stdout --------------------------------
audit_log module not found. Centralized audit logging will be disabled.
------------------------------- Captured stderr --------------------------------
2026-01-27 13:43:28,377 - INFO - self_fixing_engineer.arbiter.arbiter_plugin_registry - Loaded persisted plugin [core_service:feedback_manager]
2026-01-27 13:43:28,377 - INFO - self_fixing_engineer.arbiter.arbiter_plugin_registry - Loaded persisted plugin [core_service:human_in_loop]
2026-01-27 13:43:28,377 - INFO - self_fixing_engineer.arbiter.arbiter_plugin_registry - Loaded persisted plugin [core_service:knowledge_loader]
2026-01-27 13:43:28,377 - INFO - self_fixing_engineer.arbiter.arbiter_plugin_registry - Loaded persisted plugin [analytics:codebase_analyzer]
2026-01-27 13:43:28,377 - INFO - self_fixing_engineer.arbiter.arbiter_plugin_registry - Loaded persisted plugin [growth_manager:arbiter_growth]
2026-01-27 13:43:28,377 - INFO - self_fixing_engineer.arbiter.arbiter_plugin_registry - Loaded persisted plugin [ai_assistant:explainable_reasoner]
2026-01-27 13:43:28,377 - INFO - self_fixing_engineer.arbiter.arbiter_plugin_registry - PluginRegistry singleton created
2026-01-27 13:43:28,843 - omnicore_engine.metrics - WARNING - Could not import influxdb_client. Using mock fallback classes.
2026-01-27 13:43:28,844 - omnicore_engine.metrics - INFO - Prometheus metrics server startup skipped (test/CI environment detected)
___ ERROR collecting generator/agents/tests/test_generator_plugin_wrapper.py ___
generator/agents/tests/test_generator_plugin_wrapper.py:31: in <module>
    from agents.generator_plugin_wrapper import (
generator/agents/generator_plugin_wrapper.py:45: in <module>
    from omnicore_engine.plugin_registry import PLUGIN_REGISTRY, PlugInKind, plugin
omnicore_engine/plugin_registry.py:79: in <module>
    from omnicore_engine.database import Database
omnicore_engine/database/__init__.py:1: in <module>
    from .database import (
omnicore_engine/database/database.py:258: in <module>
    DB_OPERATIONS_LOCAL = get_or_create_counter_local(
omnicore_engine/database/metrics_helpers.py:26: in get_or_create_counter_local
    if collector and isinstance(collector, Counter):
                     ^^^^^^^^^^^^^^^^^^^^^^^^^^^^^^
E   TypeError: isinstance() arg 2 must be a type, a tuple of types, or a union
________ ERROR collecting generator/agents/tests/test_testgen_prompt.py ________
ImportError while importing test module '/home/runner/work/The_Code_Factory_Working_V2/The_Code_Factory_Working_V2/generator/agents/tests/test_testgen_prompt.py'.
Hint: make sure your test modules/packages have valid Python names.
Traceback:
/usr/lib/python3.12/importlib/__init__.py:90: in import_module
    return _bootstrap._gcd_import(name[level:], package, level)
           ^^^^^^^^^^^^^^^^^^^^^^^^^^^^^^^^^^^^^^^^^^^^^^^^^^^^
generator/agents/tests/test_testgen_prompt.py:14: in <module>
    from agents.testgen_agent.testgen_prompt import (
generator/agents/testgen_agent/testgen_prompt.py:33: in <module>
    import chromadb
E   ModuleNotFoundError: No module named 'chromadb'
=============================== warnings summary ===============================
../../../.local/lib/python3.12/site-packages/_pytest/config/__init__.py:1474
  /home/runner/.local/lib/python3.12/site-packages/_pytest/config/__init__.py:1474: PytestConfigWarning: Unknown config option: env
  
    self._warn_or_fail_if_strict(f"Unknown config option: {key}\n")

generator/agents/testgen_agent/__init__.py:44
generator/agents/testgen_agent/__init__.py:44
  /home/runner/work/The_Code_Factory_Working_V2/The_Code_Factory_Working_V2/generator/agents/testgen_agent/__init__.py:44: UserWarning: Could not import testgen_prompt components: No module named 'chromadb'
    warnings.warn(f"Could not import testgen_prompt components: {e}")

generator/agents/testgen_agent/__init__.py:89
  /home/runner/work/The_Code_Factory_Working_V2/The_Code_Factory_Working_V2/generator/agents/testgen_agent/__init__.py:89: UserWarning: No testgen_agent components could be imported. Please ensure all dependencies are installed and the runner foundation is available.
    warnings.warn(

generator/agents/testgen_agent/__init__.py:35
  /home/runner/work/The_Code_Factory_Working_V2/The_Code_Factory_Working_V2/generator/agents/testgen_agent/__init__.py:35: UserWarning: Could not import testgen_agent components: No module named 'chromadb'
    warnings.warn(f"Could not import testgen_agent components: {e}")

generator/agents/testgen_agent/__init__.py:76
  /home/runner/work/The_Code_Factory_Working_V2/The_Code_Factory_Working_V2/generator/agents/testgen_agent/__init__.py:76: UserWarning: Could not import testgen_validator components: No module named 'runner.runner_mutation'; 'runner' is not a package
    warnings.warn(f"Could not import testgen_validator components: {e}")

-- Docs: https://docs.pytest.org/en/stable/how-to/capture-warnings.html
=========================== short test summary info ============================
ERROR generator/agents/tests/test_codegen_agent.py
ERROR generator/agents/tests/test_codegen_integration.py
ERROR generator/agents/tests/test_codegen_prompt.py
ERROR generator/agents/tests/test_codegen_response_handler.py
ERROR generator/agents/tests/test_critique_agent.py
ERROR generator/agents/tests/test_critique_fixer.py
ERROR generator/agents/tests/test_critique_integration.py
ERROR generator/agents/tests/test_critique_linter.py
ERROR generator/agents/tests/test_critique_prompt.py
ERROR generator/agents/tests/test_deploy_agent.py
ERROR generator/agents/tests/test_deploy_agent_integration.py
ERROR generator/agents/tests/test_deploy_prompt.py
ERROR generator/agents/tests/test_deploy_response_handler.py
ERROR generator/agents/tests/test_deploy_validator.py
ERROR generator/agents/tests/test_docgen_agent.py
ERROR generator/agents/tests/test_docgen_integration.py
ERROR generator/agents/tests/test_docgen_prompt.py
ERROR generator/agents/tests/test_docgen_response_validator.py - TypeError: isinstance() arg 2 must be a type, a tuple of types, or a union
ERROR generator/agents/tests/test_generator_plugin_wrapper.py - TypeError: isinstance() arg 2 must be a type, a tuple of types, or a union
ERROR generator/agents/tests/test_testgen_prompt.py
!!!!!!!!!!!!!!!!!!!!!!!!!! stopping after 20 failures !!!!!!!!!!!!!!!!!!!!!!!!!!
======================== 6 warnings, 20 errors in 3.01s ========================
